Archive member included because of file (symbol)

c:/program files (x86)/atmel/atmel toolchain/avr8 gcc/native/3.4.1061/avr8-gnu-toolchain/bin/../lib/gcc/avr/4.8.1/avr5\libgcc.a(_exit.o)
                              c:/program files (x86)/atmel/atmel toolchain/avr8 gcc/native/3.4.1061/avr8-gnu-toolchain/bin/../lib/gcc/avr/4.8.1/../../../../avr/lib/avr5/crtm328p.o (exit)
c:/program files (x86)/atmel/atmel toolchain/avr8 gcc/native/3.4.1061/avr8-gnu-toolchain/bin/../lib/gcc/avr/4.8.1/avr5\libgcc.a(_tablejump.o)
                              AmpelTKreuzung_MiKoSo.o (__tablejump2__)
c:/program files (x86)/atmel/atmel toolchain/avr8 gcc/native/3.4.1061/avr8-gnu-toolchain/bin/../lib/gcc/avr/4.8.1/avr5\libgcc.a(_copy_data.o)
                              AmpelTKreuzung_MiKoSo.o (__do_copy_data)
c:/program files (x86)/atmel/atmel toolchain/avr8 gcc/native/3.4.1061/avr8-gnu-toolchain/bin/../lib/gcc/avr/4.8.1/avr5\libgcc.a(_clear_bss.o)
                              AmpelTKreuzung_MiKoSo.o (__do_clear_bss)
c:/program files (x86)/atmel/atmel toolchain/avr8 gcc/native/3.4.1061/avr8-gnu-toolchain/bin/../lib/gcc/avr/4.8.1/../../../../avr/lib/avr5\libc.a(ultoa_ncheck.o)
                              AmpelTKreuzung_MiKoSo.o (__ultoa_ncheck)
c:/program files (x86)/atmel/atmel toolchain/avr8 gcc/native/3.4.1061/avr8-gnu-toolchain/bin/../lib/gcc/avr/4.8.1/../../../../avr/lib/avr5\libc.a(strrev.o)
                              c:/program files (x86)/atmel/atmel toolchain/avr8 gcc/native/3.4.1061/avr8-gnu-toolchain/bin/../lib/gcc/avr/4.8.1/../../../../avr/lib/avr5\libc.a(ultoa_ncheck.o) (strrev)

Allocating common symbols
Common symbol       size              file

configmenu          0x1               AmpelTKreuzung_MiKoSo.o
installmenu         0x1               AmpelTKreuzung_MiKoSo.o
g                   0x1               AmpelTKreuzung_MiKoSo.o
timer_t             0x4b              AmpelTKreuzung_MiKoSo.o
errormessage        0x1               AmpelTKreuzung_MiKoSo.o
id_crossroad        0x1               AmpelTKreuzung_MiKoSo.o
mainmenu            0x1               AmpelTKreuzung_MiKoSo.o
day                 0x1               AmpelTKreuzung_MiKoSo.o
firmwaremenu        0x1               AmpelTKreuzung_MiKoSo.o
status              0x1               AmpelTKreuzung_MiKoSo.o

Discarded input sections

 .data          0x00000000        0x0 c:/program files (x86)/atmel/atmel toolchain/avr8 gcc/native/3.4.1061/avr8-gnu-toolchain/bin/../lib/gcc/avr/4.8.1/../../../../avr/lib/avr5/crtm328p.o
 .bss           0x00000000        0x0 c:/program files (x86)/atmel/atmel toolchain/avr8 gcc/native/3.4.1061/avr8-gnu-toolchain/bin/../lib/gcc/avr/4.8.1/../../../../avr/lib/avr5/crtm328p.o
 .text          0x00000000        0x0 AmpelTKreuzung_MiKoSo.o
 .data          0x00000000        0x0 AmpelTKreuzung_MiKoSo.o
 .bss           0x00000000        0x0 AmpelTKreuzung_MiKoSo.o
 .text.setEvent
                0x00000000       0x20 AmpelTKreuzung_MiKoSo.o
 .text.eventIsSet
                0x00000000        0xe AmpelTKreuzung_MiKoSo.o
 .text.clearEvent
                0x00000000       0x20 AmpelTKreuzung_MiKoSo.o
 .text.initTimer
                0x00000000       0x3c AmpelTKreuzung_MiKoSo.o
 .text.declareTimer
                0x00000000       0x20 AmpelTKreuzung_MiKoSo.o
 .text.startTimer
                0x00000000       0x28 AmpelTKreuzung_MiKoSo.o
 .text.clearTimer
                0x00000000       0x1c AmpelTKreuzung_MiKoSo.o
 .text.degraded
                0x00000000        0x2 AmpelTKreuzung_MiKoSo.o
 .rodata.change_successfull_message
                0x00000000       0x29 AmpelTKreuzung_MiKoSo.o
 .progmem.data.id_changes_message_menu
                0x00000000       0x50 AmpelTKreuzung_MiKoSo.o
 .bss.events    0x00000000        0x2 AmpelTKreuzung_MiKoSo.o
 .text          0x00000000        0x0 c:/program files (x86)/atmel/atmel toolchain/avr8 gcc/native/3.4.1061/avr8-gnu-toolchain/bin/../lib/gcc/avr/4.8.1/avr5\libgcc.a(_exit.o)
 .data          0x00000000        0x0 c:/program files (x86)/atmel/atmel toolchain/avr8 gcc/native/3.4.1061/avr8-gnu-toolchain/bin/../lib/gcc/avr/4.8.1/avr5\libgcc.a(_exit.o)
 .bss           0x00000000        0x0 c:/program files (x86)/atmel/atmel toolchain/avr8 gcc/native/3.4.1061/avr8-gnu-toolchain/bin/../lib/gcc/avr/4.8.1/avr5\libgcc.a(_exit.o)
 .text.libgcc.mul
                0x00000000        0x0 c:/program files (x86)/atmel/atmel toolchain/avr8 gcc/native/3.4.1061/avr8-gnu-toolchain/bin/../lib/gcc/avr/4.8.1/avr5\libgcc.a(_exit.o)
 .text.libgcc.div
                0x00000000        0x0 c:/program files (x86)/atmel/atmel toolchain/avr8 gcc/native/3.4.1061/avr8-gnu-toolchain/bin/../lib/gcc/avr/4.8.1/avr5\libgcc.a(_exit.o)
 .text.libgcc   0x00000000        0x0 c:/program files (x86)/atmel/atmel toolchain/avr8 gcc/native/3.4.1061/avr8-gnu-toolchain/bin/../lib/gcc/avr/4.8.1/avr5\libgcc.a(_exit.o)
 .text.libgcc.prologue
                0x00000000        0x0 c:/program files (x86)/atmel/atmel toolchain/avr8 gcc/native/3.4.1061/avr8-gnu-toolchain/bin/../lib/gcc/avr/4.8.1/avr5\libgcc.a(_exit.o)
 .text.libgcc.builtins
                0x00000000        0x0 c:/program files (x86)/atmel/atmel toolchain/avr8 gcc/native/3.4.1061/avr8-gnu-toolchain/bin/../lib/gcc/avr/4.8.1/avr5\libgcc.a(_exit.o)
 .text.libgcc.fmul
                0x00000000        0x0 c:/program files (x86)/atmel/atmel toolchain/avr8 gcc/native/3.4.1061/avr8-gnu-toolchain/bin/../lib/gcc/avr/4.8.1/avr5\libgcc.a(_exit.o)
 .text.libgcc.fixed
                0x00000000        0x0 c:/program files (x86)/atmel/atmel toolchain/avr8 gcc/native/3.4.1061/avr8-gnu-toolchain/bin/../lib/gcc/avr/4.8.1/avr5\libgcc.a(_exit.o)
 .text          0x00000000        0x0 c:/program files (x86)/atmel/atmel toolchain/avr8 gcc/native/3.4.1061/avr8-gnu-toolchain/bin/../lib/gcc/avr/4.8.1/avr5\libgcc.a(_tablejump.o)
 .data          0x00000000        0x0 c:/program files (x86)/atmel/atmel toolchain/avr8 gcc/native/3.4.1061/avr8-gnu-toolchain/bin/../lib/gcc/avr/4.8.1/avr5\libgcc.a(_tablejump.o)
 .bss           0x00000000        0x0 c:/program files (x86)/atmel/atmel toolchain/avr8 gcc/native/3.4.1061/avr8-gnu-toolchain/bin/../lib/gcc/avr/4.8.1/avr5\libgcc.a(_tablejump.o)
 .text.libgcc.mul
                0x00000000        0x0 c:/program files (x86)/atmel/atmel toolchain/avr8 gcc/native/3.4.1061/avr8-gnu-toolchain/bin/../lib/gcc/avr/4.8.1/avr5\libgcc.a(_tablejump.o)
 .text.libgcc.div
                0x00000000        0x0 c:/program files (x86)/atmel/atmel toolchain/avr8 gcc/native/3.4.1061/avr8-gnu-toolchain/bin/../lib/gcc/avr/4.8.1/avr5\libgcc.a(_tablejump.o)
 .text.libgcc.prologue
                0x00000000        0x0 c:/program files (x86)/atmel/atmel toolchain/avr8 gcc/native/3.4.1061/avr8-gnu-toolchain/bin/../lib/gcc/avr/4.8.1/avr5\libgcc.a(_tablejump.o)
 .text.libgcc.builtins
                0x00000000        0x0 c:/program files (x86)/atmel/atmel toolchain/avr8 gcc/native/3.4.1061/avr8-gnu-toolchain/bin/../lib/gcc/avr/4.8.1/avr5\libgcc.a(_tablejump.o)
 .text.libgcc.fmul
                0x00000000        0x0 c:/program files (x86)/atmel/atmel toolchain/avr8 gcc/native/3.4.1061/avr8-gnu-toolchain/bin/../lib/gcc/avr/4.8.1/avr5\libgcc.a(_tablejump.o)
 .text.libgcc.fixed
                0x00000000        0x0 c:/program files (x86)/atmel/atmel toolchain/avr8 gcc/native/3.4.1061/avr8-gnu-toolchain/bin/../lib/gcc/avr/4.8.1/avr5\libgcc.a(_tablejump.o)
 .text          0x00000000        0x0 c:/program files (x86)/atmel/atmel toolchain/avr8 gcc/native/3.4.1061/avr8-gnu-toolchain/bin/../lib/gcc/avr/4.8.1/avr5\libgcc.a(_copy_data.o)
 .data          0x00000000        0x0 c:/program files (x86)/atmel/atmel toolchain/avr8 gcc/native/3.4.1061/avr8-gnu-toolchain/bin/../lib/gcc/avr/4.8.1/avr5\libgcc.a(_copy_data.o)
 .bss           0x00000000        0x0 c:/program files (x86)/atmel/atmel toolchain/avr8 gcc/native/3.4.1061/avr8-gnu-toolchain/bin/../lib/gcc/avr/4.8.1/avr5\libgcc.a(_copy_data.o)
 .text.libgcc.mul
                0x00000000        0x0 c:/program files (x86)/atmel/atmel toolchain/avr8 gcc/native/3.4.1061/avr8-gnu-toolchain/bin/../lib/gcc/avr/4.8.1/avr5\libgcc.a(_copy_data.o)
 .text.libgcc.div
                0x00000000        0x0 c:/program files (x86)/atmel/atmel toolchain/avr8 gcc/native/3.4.1061/avr8-gnu-toolchain/bin/../lib/gcc/avr/4.8.1/avr5\libgcc.a(_copy_data.o)
 .text.libgcc   0x00000000        0x0 c:/program files (x86)/atmel/atmel toolchain/avr8 gcc/native/3.4.1061/avr8-gnu-toolchain/bin/../lib/gcc/avr/4.8.1/avr5\libgcc.a(_copy_data.o)
 .text.libgcc.prologue
                0x00000000        0x0 c:/program files (x86)/atmel/atmel toolchain/avr8 gcc/native/3.4.1061/avr8-gnu-toolchain/bin/../lib/gcc/avr/4.8.1/avr5\libgcc.a(_copy_data.o)
 .text.libgcc.builtins
                0x00000000        0x0 c:/program files (x86)/atmel/atmel toolchain/avr8 gcc/native/3.4.1061/avr8-gnu-toolchain/bin/../lib/gcc/avr/4.8.1/avr5\libgcc.a(_copy_data.o)
 .text.libgcc.fmul
                0x00000000        0x0 c:/program files (x86)/atmel/atmel toolchain/avr8 gcc/native/3.4.1061/avr8-gnu-toolchain/bin/../lib/gcc/avr/4.8.1/avr5\libgcc.a(_copy_data.o)
 .text.libgcc.fixed
                0x00000000        0x0 c:/program files (x86)/atmel/atmel toolchain/avr8 gcc/native/3.4.1061/avr8-gnu-toolchain/bin/../lib/gcc/avr/4.8.1/avr5\libgcc.a(_copy_data.o)
 .text          0x00000000        0x0 c:/program files (x86)/atmel/atmel toolchain/avr8 gcc/native/3.4.1061/avr8-gnu-toolchain/bin/../lib/gcc/avr/4.8.1/avr5\libgcc.a(_clear_bss.o)
 .data          0x00000000        0x0 c:/program files (x86)/atmel/atmel toolchain/avr8 gcc/native/3.4.1061/avr8-gnu-toolchain/bin/../lib/gcc/avr/4.8.1/avr5\libgcc.a(_clear_bss.o)
 .bss           0x00000000        0x0 c:/program files (x86)/atmel/atmel toolchain/avr8 gcc/native/3.4.1061/avr8-gnu-toolchain/bin/../lib/gcc/avr/4.8.1/avr5\libgcc.a(_clear_bss.o)
 .text.libgcc.mul
                0x00000000        0x0 c:/program files (x86)/atmel/atmel toolchain/avr8 gcc/native/3.4.1061/avr8-gnu-toolchain/bin/../lib/gcc/avr/4.8.1/avr5\libgcc.a(_clear_bss.o)
 .text.libgcc.div
                0x00000000        0x0 c:/program files (x86)/atmel/atmel toolchain/avr8 gcc/native/3.4.1061/avr8-gnu-toolchain/bin/../lib/gcc/avr/4.8.1/avr5\libgcc.a(_clear_bss.o)
 .text.libgcc   0x00000000        0x0 c:/program files (x86)/atmel/atmel toolchain/avr8 gcc/native/3.4.1061/avr8-gnu-toolchain/bin/../lib/gcc/avr/4.8.1/avr5\libgcc.a(_clear_bss.o)
 .text.libgcc.prologue
                0x00000000        0x0 c:/program files (x86)/atmel/atmel toolchain/avr8 gcc/native/3.4.1061/avr8-gnu-toolchain/bin/../lib/gcc/avr/4.8.1/avr5\libgcc.a(_clear_bss.o)
 .text.libgcc.builtins
                0x00000000        0x0 c:/program files (x86)/atmel/atmel toolchain/avr8 gcc/native/3.4.1061/avr8-gnu-toolchain/bin/../lib/gcc/avr/4.8.1/avr5\libgcc.a(_clear_bss.o)
 .text.libgcc.fmul
                0x00000000        0x0 c:/program files (x86)/atmel/atmel toolchain/avr8 gcc/native/3.4.1061/avr8-gnu-toolchain/bin/../lib/gcc/avr/4.8.1/avr5\libgcc.a(_clear_bss.o)
 .text.libgcc.fixed
                0x00000000        0x0 c:/program files (x86)/atmel/atmel toolchain/avr8 gcc/native/3.4.1061/avr8-gnu-toolchain/bin/../lib/gcc/avr/4.8.1/avr5\libgcc.a(_clear_bss.o)
 .text          0x00000000        0x0 c:/program files (x86)/atmel/atmel toolchain/avr8 gcc/native/3.4.1061/avr8-gnu-toolchain/bin/../lib/gcc/avr/4.8.1/../../../../avr/lib/avr5\libc.a(ultoa_ncheck.o)
 .data          0x00000000        0x0 c:/program files (x86)/atmel/atmel toolchain/avr8 gcc/native/3.4.1061/avr8-gnu-toolchain/bin/../lib/gcc/avr/4.8.1/../../../../avr/lib/avr5\libc.a(ultoa_ncheck.o)
 .bss           0x00000000        0x0 c:/program files (x86)/atmel/atmel toolchain/avr8 gcc/native/3.4.1061/avr8-gnu-toolchain/bin/../lib/gcc/avr/4.8.1/../../../../avr/lib/avr5\libc.a(ultoa_ncheck.o)
 .text          0x00000000        0x0 c:/program files (x86)/atmel/atmel toolchain/avr8 gcc/native/3.4.1061/avr8-gnu-toolchain/bin/../lib/gcc/avr/4.8.1/../../../../avr/lib/avr5\libc.a(strrev.o)
 .data          0x00000000        0x0 c:/program files (x86)/atmel/atmel toolchain/avr8 gcc/native/3.4.1061/avr8-gnu-toolchain/bin/../lib/gcc/avr/4.8.1/../../../../avr/lib/avr5\libc.a(strrev.o)
 .bss           0x00000000        0x0 c:/program files (x86)/atmel/atmel toolchain/avr8 gcc/native/3.4.1061/avr8-gnu-toolchain/bin/../lib/gcc/avr/4.8.1/../../../../avr/lib/avr5\libc.a(strrev.o)

Memory Configuration

Name             Origin             Length             Attributes
text             0x00000000         0x00020000         xr
data             0x00800060         0x0000ffa0         rw !x
eeprom           0x00810000         0x00010000         rw !x
fuse             0x00820000         0x00000400         rw !x
lock             0x00830000         0x00000400         rw !x
signature        0x00840000         0x00000400         rw !x
user_signatures  0x00850000         0x00000400         rw !x
*default*        0x00000000         0xffffffff

Linker script and memory map

Address of section .data set to 0x800100
LOAD c:/program files (x86)/atmel/atmel toolchain/avr8 gcc/native/3.4.1061/avr8-gnu-toolchain/bin/../lib/gcc/avr/4.8.1/../../../../avr/lib/avr5/crtm328p.o
LOAD AmpelTKreuzung_MiKoSo.o
START GROUP
LOAD c:/program files (x86)/atmel/atmel toolchain/avr8 gcc/native/3.4.1061/avr8-gnu-toolchain/bin/../lib/gcc/avr/4.8.1/../../../../avr/lib/avr5\libm.a
END GROUP
START GROUP
LOAD c:/program files (x86)/atmel/atmel toolchain/avr8 gcc/native/3.4.1061/avr8-gnu-toolchain/bin/../lib/gcc/avr/4.8.1/avr5\libgcc.a
LOAD c:/program files (x86)/atmel/atmel toolchain/avr8 gcc/native/3.4.1061/avr8-gnu-toolchain/bin/../lib/gcc/avr/4.8.1/../../../../avr/lib/avr5\libm.a
LOAD c:/program files (x86)/atmel/atmel toolchain/avr8 gcc/native/3.4.1061/avr8-gnu-toolchain/bin/../lib/gcc/avr/4.8.1/../../../../avr/lib/avr5\libc.a
END GROUP

.hash
 *(.hash)

.dynsym
 *(.dynsym)

.dynstr
 *(.dynstr)

.gnu.version
 *(.gnu.version)

.gnu.version_d
 *(.gnu.version_d)

.gnu.version_r
 *(.gnu.version_r)

.rel.init
 *(.rel.init)

.rela.init
 *(.rela.init)

.rel.text
 *(.rel.text)
 *(.rel.text.*)
 *(.rel.gnu.linkonce.t*)

.rela.text
 *(.rela.text)
 *(.rela.text.*)
 *(.rela.gnu.linkonce.t*)

.rel.fini
 *(.rel.fini)

.rela.fini
 *(.rela.fini)

.rel.rodata
 *(.rel.rodata)
 *(.rel.rodata.*)
 *(.rel.gnu.linkonce.r*)

.rela.rodata
 *(.rela.rodata)
 *(.rela.rodata.*)
 *(.rela.gnu.linkonce.r*)

.rel.data
 *(.rel.data)
 *(.rel.data.*)
 *(.rel.gnu.linkonce.d*)

.rela.data
 *(.rela.data)
 *(.rela.data.*)
 *(.rela.gnu.linkonce.d*)

.rel.ctors
 *(.rel.ctors)

.rela.ctors
 *(.rela.ctors)

.rel.dtors
 *(.rel.dtors)

.rela.dtors
 *(.rela.dtors)

.rel.got
 *(.rel.got)

.rela.got
 *(.rela.got)

.rel.bss
 *(.rel.bss)

.rela.bss
 *(.rela.bss)

.rel.plt
 *(.rel.plt)

.rela.plt
 *(.rela.plt)

.text           0x00000000     0x125c
 *(.vectors)
 .vectors       0x00000000       0x68 c:/program files (x86)/atmel/atmel toolchain/avr8 gcc/native/3.4.1061/avr8-gnu-toolchain/bin/../lib/gcc/avr/4.8.1/../../../../avr/lib/avr5/crtm328p.o
                0x00000000                __vector_default
                0x00000000                __vectors
 *(.vectors)
 *(.progmem.gcc*)
 .progmem.gcc_sw_table.error_func
                0x00000068       0x12 AmpelTKreuzung_MiKoSo.o
                0x0000007a                . = ALIGN (0x2)
                0x0000007a                __trampolines_start = .
 *(.trampolines)
 .trampolines   0x0000007a        0x0 linker stubs
 *(.trampolines*)
                0x0000007a                __trampolines_end = .
 *(.progmem*)
 .progmem.data.OutputSunday
                0x0000007a        0xb AmpelTKreuzung_MiKoSo.o
                0x0000007a                OutputSunday
 .progmem.data.OutputSaturday
                0x00000085        0xd AmpelTKreuzung_MiKoSo.o
                0x00000085                OutputSaturday
 .progmem.data.OutputWeekday
                0x00000092       0x13 AmpelTKreuzung_MiKoSo.o
                0x00000092                OutputWeekday
 .progmem.data.OutputAnd
                0x000000a5        0x6 AmpelTKreuzung_MiKoSo.o
                0x000000a5                OutputAnd
 .progmem.data.OutputTo
                0x000000ab        0x5 AmpelTKreuzung_MiKoSo.o
                0x000000ab                OutputTo
 .progmem.data.RemoteOp
                0x000000b0       0x1b AmpelTKreuzung_MiKoSo.o
                0x000000b0                RemoteOp
 .progmem.data.LowOp
                0x000000cb       0x18 AmpelTKreuzung_MiKoSo.o
                0x000000cb                LowOp
 .progmem.data.HighOp
                0x000000e3       0x18 AmpelTKreuzung_MiKoSo.o
                0x000000e3                HighOp
 .progmem.data.OutputOperationlist
                0x000000fb       0x3c AmpelTKreuzung_MiKoSo.o
                0x000000fb                OutputOperationlist
 .progmem.data.firmware_message_menu
                0x00000137       0x73 AmpelTKreuzung_MiKoSo.o
                0x00000137                firmware_message_menu
 .progmem.data.Time_Error_Message
                0x000001aa       0x50 AmpelTKreuzung_MiKoSo.o
                0x000001aa                Time_Error_Message
 .progmem.data.SW_Error_Message
                0x000001fa       0x4d AmpelTKreuzung_MiKoSo.o
                0x000001fa                SW_Error_Message
 .progmem.data.Stack_Error_Message
                0x00000247       0x43 AmpelTKreuzung_MiKoSo.o
                0x00000247                Stack_Error_Message
 .progmem.data.SRAM_Error_Message
                0x0000028a       0x5a AmpelTKreuzung_MiKoSo.o
                0x0000028a                SRAM_Error_Message
 .progmem.data.Flash_Error_Message
                0x000002e4       0x65 AmpelTKreuzung_MiKoSo.o
                0x000002e4                Flash_Error_Message
 .progmem.data.Red_Light_SR_Message
                0x00000349       0x81 AmpelTKreuzung_MiKoSo.o
                0x00000349                Red_Light_SR_Message
 .progmem.data.Red_Light_MR_Message
                0x000003ca       0x81 AmpelTKreuzung_MiKoSo.o
                0x000003ca                Red_Light_MR_Message
 .progmem.data.No_Error_Message
                0x0000044b       0x40 AmpelTKreuzung_MiKoSo.o
                0x0000044b                No_Error_Message
 .progmem.data.errors_message_menu
                0x0000048b       0xf5 AmpelTKreuzung_MiKoSo.o
                0x0000048b                errors_message_menu
 .progmem.data.install_message_menu
                0x00000580       0x8c AmpelTKreuzung_MiKoSo.o
                0x00000580                install_message_menu
 .progmem.data.configuration_message_menu
                0x0000060c       0xf0 AmpelTKreuzung_MiKoSo.o
                0x0000060c                configuration_message_menu
 .progmem.data.mainMenu_message_menu
                0x000006fc       0x9b AmpelTKreuzung_MiKoSo.o
                0x000006fc                mainMenu_message_menu
                0x00000798                . = ALIGN (0x2)
 *fill*         0x00000797        0x1 
 *(.jumptables)
 *(.jumptables*)
 *(.lowtext)
 *(.lowtext*)
                0x00000798                __ctors_start = .
 *(.ctors)
                0x00000798                __ctors_end = .
                0x00000798                __dtors_start = .
 *(.dtors)
                0x00000798                __dtors_end = .
 SORT(*)(.ctors)
 SORT(*)(.dtors)
 *(.init0)
 .init0         0x00000798        0x0 c:/program files (x86)/atmel/atmel toolchain/avr8 gcc/native/3.4.1061/avr8-gnu-toolchain/bin/../lib/gcc/avr/4.8.1/../../../../avr/lib/avr5/crtm328p.o
                0x00000798                __init
 *(.init0)
 *(.init1)
 *(.init1)
 *(.init2)
 .init2         0x00000798        0xc c:/program files (x86)/atmel/atmel toolchain/avr8 gcc/native/3.4.1061/avr8-gnu-toolchain/bin/../lib/gcc/avr/4.8.1/../../../../avr/lib/avr5/crtm328p.o
 *(.init2)
 *(.init3)
 *(.init3)
 *(.init4)
 .init4         0x000007a4       0x16 c:/program files (x86)/atmel/atmel toolchain/avr8 gcc/native/3.4.1061/avr8-gnu-toolchain/bin/../lib/gcc/avr/4.8.1/avr5\libgcc.a(_copy_data.o)
                0x000007a4                __do_copy_data
 .init4         0x000007ba       0x10 c:/program files (x86)/atmel/atmel toolchain/avr8 gcc/native/3.4.1061/avr8-gnu-toolchain/bin/../lib/gcc/avr/4.8.1/avr5\libgcc.a(_clear_bss.o)
                0x000007ba                __do_clear_bss
 *(.init4)
 *(.init5)
 *(.init5)
 *(.init6)
 *(.init6)
 *(.init7)
 *(.init7)
 *(.init8)
 *(.init8)
 *(.init9)
 .init9         0x000007ca        0x8 c:/program files (x86)/atmel/atmel toolchain/avr8 gcc/native/3.4.1061/avr8-gnu-toolchain/bin/../lib/gcc/avr/4.8.1/../../../../avr/lib/avr5/crtm328p.o
 *(.init9)
 *(.text)
 .text          0x000007d2        0x4 c:/program files (x86)/atmel/atmel toolchain/avr8 gcc/native/3.4.1061/avr8-gnu-toolchain/bin/../lib/gcc/avr/4.8.1/../../../../avr/lib/avr5/crtm328p.o
                0x000007d2                __vector_22
                0x000007d2                __vector_1
                0x000007d2                __vector_24
                0x000007d2                __vector_12
                0x000007d2                __bad_interrupt
                0x000007d2                __vector_6
                0x000007d2                __vector_3
                0x000007d2                __vector_23
                0x000007d2                __vector_25
                0x000007d2                __vector_11
                0x000007d2                __vector_17
                0x000007d2                __vector_19
                0x000007d2                __vector_7
                0x000007d2                __vector_5
                0x000007d2                __vector_4
                0x000007d2                __vector_9
                0x000007d2                __vector_2
                0x000007d2                __vector_21
                0x000007d2                __vector_15
                0x000007d2                __vector_8
                0x000007d2                __vector_14
                0x000007d2                __vector_10
                0x000007d2                __vector_18
                0x000007d2                __vector_20
                0x000007d6                . = ALIGN (0x2)
 *(.text.*)
 .text.taster   0x000007d6       0xa4 AmpelTKreuzung_MiKoSo.o
                0x000007d6                taster
 .text.__vector_16
                0x0000087a       0xee AmpelTKreuzung_MiKoSo.o
                0x0000087a                __vector_16
 .text.init     0x00000968       0x80 AmpelTKreuzung_MiKoSo.o
                0x00000968                init
 .text.__vector_13
                0x000009e8       0x90 AmpelTKreuzung_MiKoSo.o
                0x000009e8                __vector_13
 .text.USART_Init
                0x00000a78       0x16 AmpelTKreuzung_MiKoSo.o
                0x00000a78                USART_Init
 .text.USART_Transmit
                0x00000a8e       0x10 AmpelTKreuzung_MiKoSo.o
                0x00000a8e                USART_Transmit
 .text.printMenu
                0x00000a9e       0x2a AmpelTKreuzung_MiKoSo.o
                0x00000a9e                printMenu
 .text.printUI  0x00000ac8       0x76 AmpelTKreuzung_MiKoSo.o
                0x00000ac8                printUI
 .text.USART_Receive
                0x00000b3e       0x10 AmpelTKreuzung_MiKoSo.o
                0x00000b3e                USART_Receive
 .text.high     0x00000b4e       0x98 AmpelTKreuzung_MiKoSo.o
                0x00000b4e                high
 .text.low      0x00000be6       0x34 AmpelTKreuzung_MiKoSo.o
                0x00000be6                low
 .text.remote   0x00000c1a       0x10 AmpelTKreuzung_MiKoSo.o
                0x00000c1a                remote
 .text.firmware_func
                0x00000c2a       0x1e AmpelTKreuzung_MiKoSo.o
                0x00000c2a                firmware_func
 .text.AusgabeBetriebsablaufliste
                0x00000c48      0x25e AmpelTKreuzung_MiKoSo.o
                0x00000c48                AusgabeBetriebsablaufliste
 .text.configuration_func
                0x00000ea6       0x30 AmpelTKreuzung_MiKoSo.o
                0x00000ea6                configuration_func
 .text.mainmenu_func
                0x00000ed6       0x4c AmpelTKreuzung_MiKoSo.o
                0x00000ed6                mainmenu_func
 .text.install_func
                0x00000f22       0x26 AmpelTKreuzung_MiKoSo.o
                0x00000f22                install_func
 .text.error_func
                0x00000f48       0x86 AmpelTKreuzung_MiKoSo.o
                0x00000f48                error_func
 .text.main     0x00000fce      0x21a AmpelTKreuzung_MiKoSo.o
                0x00000fce                main
 .text.libgcc   0x000011e8        0xc c:/program files (x86)/atmel/atmel toolchain/avr8 gcc/native/3.4.1061/avr8-gnu-toolchain/bin/../lib/gcc/avr/4.8.1/avr5\libgcc.a(_tablejump.o)
                0x000011e8                __tablejump2__
                0x000011ec                __tablejump__
 .text.avr-libc
                0x000011f4       0x44 c:/program files (x86)/atmel/atmel toolchain/avr8 gcc/native/3.4.1061/avr8-gnu-toolchain/bin/../lib/gcc/avr/4.8.1/../../../../avr/lib/avr5\libc.a(ultoa_ncheck.o)
                0x000011f4                __ultoa_ncheck
                0x000011f6                __ultoa_common
 .text.avr-libc
                0x00001238       0x20 c:/program files (x86)/atmel/atmel toolchain/avr8 gcc/native/3.4.1061/avr8-gnu-toolchain/bin/../lib/gcc/avr/4.8.1/../../../../avr/lib/avr5\libc.a(strrev.o)
                0x00001238                strrev
                0x00001258                . = ALIGN (0x2)
 *(.fini9)
 .fini9         0x00001258        0x0 c:/program files (x86)/atmel/atmel toolchain/avr8 gcc/native/3.4.1061/avr8-gnu-toolchain/bin/../lib/gcc/avr/4.8.1/avr5\libgcc.a(_exit.o)
                0x00001258                _exit
                0x00001258                exit
 *(.fini9)
 *(.fini8)
 *(.fini8)
 *(.fini7)
 *(.fini7)
 *(.fini6)
 *(.fini6)
 *(.fini5)
 *(.fini5)
 *(.fini4)
 *(.fini4)
 *(.fini3)
 *(.fini3)
 *(.fini2)
 *(.fini2)
 *(.fini1)
 *(.fini1)
 *(.fini0)
 .fini0         0x00001258        0x4 c:/program files (x86)/atmel/atmel toolchain/avr8 gcc/native/3.4.1061/avr8-gnu-toolchain/bin/../lib/gcc/avr/4.8.1/avr5\libgcc.a(_exit.o)
 *(.fini0)
                0x0000125c                _etext = .

.data           0x00800100       0x14 load address 0x0000125c
                0x00800100                PROVIDE (__data_start, .)
 *(.data)
 *(.data*)
 .data.sunday_endtime_remote
                0x00800100        0x1 AmpelTKreuzung_MiKoSo.o
                0x00800100                sunday_endtime_remote
 .data.sunday_endtime_low2
                0x00800101        0x1 AmpelTKreuzung_MiKoSo.o
                0x00800101                sunday_endtime_low2
 .data.sunday_starttime_low2
                0x00800102        0x1 AmpelTKreuzung_MiKoSo.o
                0x00800102                sunday_starttime_low2
 .data.sunday_endtime_low1
                0x00800103        0x1 AmpelTKreuzung_MiKoSo.o
                0x00800103                sunday_endtime_low1
 .data.sunday_starttime_low1
                0x00800104        0x1 AmpelTKreuzung_MiKoSo.o
                0x00800104                sunday_starttime_low1
 .data.sunday_endtime_high
                0x00800105        0x1 AmpelTKreuzung_MiKoSo.o
                0x00800105                sunday_endtime_high
 .data.sunday_starttime_high
                0x00800106        0x1 AmpelTKreuzung_MiKoSo.o
                0x00800106                sunday_starttime_high
 .data.saturday_endtime_remote
                0x00800107        0x1 AmpelTKreuzung_MiKoSo.o
                0x00800107                saturday_endtime_remote
 .data.saturday_endtime_low2
                0x00800108        0x1 AmpelTKreuzung_MiKoSo.o
                0x00800108                saturday_endtime_low2
 .data.saturday_starttime_low2
                0x00800109        0x1 AmpelTKreuzung_MiKoSo.o
                0x00800109                saturday_starttime_low2
 .data.saturday_endtime_low1
                0x0080010a        0x1 AmpelTKreuzung_MiKoSo.o
                0x0080010a                saturday_endtime_low1
 .data.saturday_starttime_low1
                0x0080010b        0x1 AmpelTKreuzung_MiKoSo.o
                0x0080010b                saturday_starttime_low1
 .data.saturday_endtime_high
                0x0080010c        0x1 AmpelTKreuzung_MiKoSo.o
                0x0080010c                saturday_endtime_high
 .data.saturday_starttime_high
                0x0080010d        0x1 AmpelTKreuzung_MiKoSo.o
                0x0080010d                saturday_starttime_high
 .data.werktag_endtime_remote
                0x0080010e        0x1 AmpelTKreuzung_MiKoSo.o
                0x0080010e                werktag_endtime_remote
 .data.werktag_endtime_low
                0x0080010f        0x1 AmpelTKreuzung_MiKoSo.o
                0x0080010f                werktag_endtime_low
 .data.werktag_starttime_low
                0x00800110        0x1 AmpelTKreuzung_MiKoSo.o
                0x00800110                werktag_starttime_low
 .data.werktag_endtime_high
                0x00800111        0x1 AmpelTKreuzung_MiKoSo.o
                0x00800111                werktag_endtime_high
 .data.werktag_starttime_high
                0x00800112        0x1 AmpelTKreuzung_MiKoSo.o
                0x00800112                werktag_starttime_high
 *(.rodata)
 *(.rodata*)
 *(.gnu.linkonce.d*)
                0x00800114                . = ALIGN (0x2)
 *fill*         0x00800113        0x1 
                0x00800114                _edata = .
                0x00800114                PROVIDE (__data_end, .)

.bss            0x00800114       0x5d
                0x00800114                PROVIDE (__bss_start, .)
 *(.bss)
 *(.bss*)
 .bss.counter.1834
                0x00800114        0x4 AmpelTKreuzung_MiKoSo.o
 .bss.sunday_starttime_remote
                0x00800118        0x1 AmpelTKreuzung_MiKoSo.o
                0x00800118                sunday_starttime_remote
 .bss.saturday_starttime_remote
                0x00800119        0x1 AmpelTKreuzung_MiKoSo.o
                0x00800119                saturday_starttime_remote
 .bss.werktag_starttime_remote
                0x0080011a        0x1 AmpelTKreuzung_MiKoSo.o
                0x0080011a                werktag_starttime_remote
 .bss.button    0x0080011b        0x1 AmpelTKreuzung_MiKoSo.o
                0x0080011b                button
 .bss.hour      0x0080011c        0x1 AmpelTKreuzung_MiKoSo.o
                0x0080011c                hour
 *(COMMON)
 COMMON         0x0080011d       0x54 AmpelTKreuzung_MiKoSo.o
                0x0080011d                configmenu
                0x0080011e                installmenu
                0x0080011f                g
                0x00800120                timer_t
                0x0080016b                errormessage
                0x0080016c                id_crossroad
                0x0080016d                mainmenu
                0x0080016e                day
                0x0080016f                firmwaremenu
                0x00800170                status
                0x00800171                PROVIDE (__bss_end, .)
                0x0000125c                __data_load_start = LOADADDR (.data)
                0x00001270                __data_load_end = (__data_load_start + SIZEOF (.data))

.noinit         0x00800171        0x0
                0x00800171                PROVIDE (__noinit_start, .)
 *(.noinit*)
                0x00800171                PROVIDE (__noinit_end, .)
                0x00800171                _end = .
                0x00800171                PROVIDE (__heap_start, .)

.eeprom         0x00810000        0x0
 *(.eeprom*)
                0x00810000                __eeprom_end = .

.fuse
 *(.fuse)
 *(.lfuse)
 *(.hfuse)
 *(.efuse)

.lock
 *(.lock*)

.signature
 *(.signature*)

.user_signatures
 *(.user_signatures*)

.stab
 *(.stab)

.stabstr
 *(.stabstr)

.stab.excl
 *(.stab.excl)

.stab.exclstr
 *(.stab.exclstr)

.stab.index
 *(.stab.index)

.stab.indexstr
 *(.stab.indexstr)

.comment        0x00000000       0x30
 *(.comment)
 .comment       0x00000000       0x30 AmpelTKreuzung_MiKoSo.o
                                 0x31 (size before relaxing)

.note.gnu.build-id
 *(.note.gnu.build-id)

.debug
 *(.debug)

.line
 *(.line)

.debug_srcinfo
 *(.debug_srcinfo)

.debug_sfnames
 *(.debug_sfnames)

.debug_aranges  0x00000000       0xf0
 *(.debug_aranges)
 .debug_aranges
                0x00000000       0xf0 AmpelTKreuzung_MiKoSo.o

.debug_pubnames
 *(.debug_pubnames)

.debug_info     0x00000000     0x17a6
 *(.debug_info .gnu.linkonce.wi.*)
 .debug_info    0x00000000     0x17a6 AmpelTKreuzung_MiKoSo.o

.debug_abbrev   0x00000000      0x3a3
 *(.debug_abbrev)
 .debug_abbrev  0x00000000      0x3a3 AmpelTKreuzung_MiKoSo.o

.debug_line     0x00000000      0x5a1
 *(.debug_line .debug_line.* .debug_line_end)
 .debug_line    0x00000000      0x5a1 AmpelTKreuzung_MiKoSo.o

.debug_frame    0x00000000      0x278
 *(.debug_frame)
 .debug_frame   0x00000000      0x278 AmpelTKreuzung_MiKoSo.o

.debug_str      0x00000000      0x942
 *(.debug_str)
 .debug_str     0x00000000      0x942 AmpelTKreuzung_MiKoSo.o
                                0x995 (size before relaxing)

.debug_loc      0x00000000      0x73d
 *(.debug_loc)
 .debug_loc     0x00000000      0x73d AmpelTKreuzung_MiKoSo.o

.debug_macinfo
 *(.debug_macinfo)

.debug_weaknames
 *(.debug_weaknames)

.debug_funcnames
 *(.debug_funcnames)

.debug_typenames
 *(.debug_typenames)

.debug_varnames
 *(.debug_varnames)

.debug_pubtypes
 *(.debug_pubtypes)

.debug_ranges   0x00000000       0xe0
 *(.debug_ranges)
 .debug_ranges  0x00000000       0xe0 AmpelTKreuzung_MiKoSo.o

.debug_macro
 *(.debug_macro)
OUTPUT(AmpelTKreuzung_MiKoSo.elf elf32-avr)
LOAD linker stubs
